[metodohomeofficelucrativo.com/pv/indexee0e.html]
[backblue.gif]
[fade.gif]
[index.html]
[metodohomeofficelucrativo.com/wp-content/cache/wpo-minify/1648825886/assets/wpo-minify-header-a8e51ac6.min.css]
[metodohomeofficelucrativo.com/wp-content/cache/wpo-minify/1648825886/assets/wpo-minify-header-80d4332d.min.js]
[metodohomeofficelucrativo.com/wp-content/cache/wpo-minify/1648825886/assets/wpo-minify-header-1516674b.min.css]
[metodohomeofficelucrativo.com/wp-content/uploads/2021/03/cropped-APRENDA-A-SE-POSICIONAR-NAS-REDES-SOCIAIS.-PALESTRA-COM-O-FAMOSO-ROBERTO-VILLAREAL.-Rua-do-Porto-82-Porto-Velho-RO-10_12_20]
[metodohomeofficelucrativo.com/wp-content/uploads/2021/03/cropped-APRENDA-A-SE-POSICIONAR-NAS-REDES-SOCIAIS.-PALESTRA-COM-O-FAMOSO-ROBERTO-VILLAREAL-2.-Rua-do-Porto-82-Porto-Velho-RO-10_12_20]
[metodohomeofficelucrativo.com/wp-content/uploads/2021/02/TERMOS-1.png]
[metodohomeofficelucrativo.com/pv/index.html]
[metodohomeofficelucrativo.com/wp-content/uploads/2021/03/cropped-APRENDA-A-SE-POSICIONAR-NAS-REDES-SOCIAIS.-PALESTRA-COM-O-FAMOSO-ROBERTO-VILLAREAL-3.-Rua-do-Porto-82-Porto-Velho-RO-10_12_20]
[metodohomeofficelucrativo.com/wp-content/uploads/2021/02/200619_postura_background-1.jpg]
[metodohomeofficelucrativo.com/wp-content/uploads/2021/02/img-1.jpg]
[metodohomeofficelucrativo.com/wp-content/uploads/2021/02/empresas.png]
[metodohomeofficelucrativo.com/wp-content/uploads/2021/02/img-2.jpg]
[metodohomeofficelucrativo.com/wp-content/uploads/elementor/thumbs/clock-1-1-1-p3ig2996eoxodra5chxfeo2mopnt8qq4rocgtolgfo.png]
[metodohomeofficelucrativo.com/wp-content/uploads/elementor/thumbs/money-1-p3jdz232og4b9m00q71vslqlgghmct7xy2uzf6i35g.png]
[metodohomeofficelucrativo.com/wp-content/uploads/elementor/thumbs/voice-message-speech-bubble-with-phone-inside-1-1-1-p3jglgzh5dd5fkuxf08u8s1dhr4vic1c9duqrqii5w.png]
[metodohomeofficelucrativo.com/wp-content/uploads/elementor/thumbs/heart-outline-1-1-1-p3jgm2lrik6qulziwrl9c4kz5m6bfdf60cuwt3mg6s.png]
[metodohomeofficelucrativo.com/wp-content/uploads/elementor/thumbs/line-chart-1-1-1-p3jgm4hfw89bhtwslseih43wcdx1urmmom5vrnjnuc.png]
[metodohomeofficelucrativo.com/wp-content/uploads/elementor/thumbs/thumbs-up-1-1-p3jgm5fa32altfvfgat51lvcxrsf2gqd0qtd8xi9o4.png]
[metodohomeofficelucrativo.com/wp-content/uploads/2021/02/Modulo-1-Home-Office-Lucrativo.png]
[metodohomeofficelucrativo.com/wp-content/uploads/2021/02/Modulo-2-Home-Office-Lucrativo.png]
[metodohomeofficelucrativo.com/wp-content/uploads/2021/02/Modulo-3-Home-Office-Lucrativo.png]
[metodohomeofficelucrativo.com/wp-content/uploads/2021/02/Modulo-4-Home-Office-Lucrativo.png]
[metodohomeofficelucrativo.com/wp-content/uploads/2021/02/Modulo-5-Home-Office-Lucrativo.png]
[metodohomeofficelucrativo.com/wp-content/uploads/2021/03/Presente.png]
[metodohomeofficelucrativo.com/wp-content/uploads/2021/03/1-485x1024.jpg]
[metodohomeofficelucrativo.com/wp-content/uploads/2021/03/2-485x1024.jpg]
[metodohomeofficelucrativo.com/wp-content/uploads/2021/03/3-485x1024.jpg]
[metodohomeofficelucrativo.com/wp-content/uploads/2021/03/4-485x1024.jpg]
[metodohomeofficelucrativo.com/wp-content/uploads/2021/03/6-485x1024.jpg]
[metodohomeofficelucrativo.com/wp-content/uploads/2021/03/7-485x1024.jpg]
[metodohomeofficelucrativo.com/wp-content/uploads/2021/03/9-768x1621.jpg]
[metodohomeofficelucrativo.com/wp-content/uploads/2021/03/10-768x1621.jpg]
[metodohomeofficelucrativo.com/wp-content/uploads/2021/03/11-768x1621.jpg]
[metodohomeofficelucrativo.com/wp-content/uploads/2021/03/12-768x1621.jpg]
[metodohomeofficelucrativo.com/wp-content/uploads/2021/03/13-768x1621.jpg]
[metodohomeofficelucrativo.com/wp-content/uploads/2021/03/14-768x1621.jpg]
[metodohomeofficelucrativo.com/wp-content/uploads/2021/03/15-768x1621.jpg]
[metodohomeofficelucrativo.com/wp-content/uploads/elementor/thumbs/1f4b8-1-p31tplvtmj62hvwphpsk03blqzme1hhg1pxp0v8664.png]
[metodohomeofficelucrativo.com/wp-content/uploads/elementor/thumbs/1f4b0-1-p31tplvtmj62hvwphpsk03blqzme1hhg1pxp0v8664.png]
[metodohomeofficelucrativo.com/wp-content/uploads/2021/02/Tirar-o-fundo-2-1-1024x97-1.png]
[metodohomeofficelucrativo.com/wp-content/uploads/elementor/thumbs/transparent-gold-dollar-png-clipart-5a1c7b35705661.0650542315118159894601-1-755x1024-1-p31tplvti5ahdqtrhfkon70ron1nawczpw0]
[metodohomeofficelucrativo.com/wp-content/uploads/2021/02/garantia-7-dias-1.png]
[metodohomeofficelucrativo.com/wp-content/uploads/2021/02/3d139b_fa64eb877cf04fd1abe38fd5497237de_mv2-1.png]
[metodohomeofficelucrativo.com/wp-content/uploads/2021/02/img-bandeira-cartoes-1-2-1-1.png]
[metodohomeofficelucrativo.com/wp-content/cache/wpo-minify/1648825886/assets/wpo-minify-footer-80310e5f.min.css]
[metodohomeofficelucrativo.com/wp-content/cache/wpo-minify/1648825886/assets/wpo-minify-footer-172a6054.min.js]
[metodohomeofficelucrativo.com/wp-content/cache/wpo-minify/1648825886/assets/wpo-minify-footer-b24f2923.min.js]
[metodohomeofficelucrativo.com/pv/indexee0e.html]
[metodohomeofficelucrativo.com/wp-content/cache/wpo-minify/1648825886/assets/wpo-minify-header-a8e51ac6.min.css]
[metodohomeofficelucrativo.com/wp-content/cache/wpo-minify/1648825886/assets/wpo-minify-header-1516674b.min.css]
[metodohomeofficelucrativo.com/wp-content/cache/wpo-minify/1648825886/assets/wpo-minify-footer-ce4d216c.min.js]
[metodohomeofficelucrativo.com/pv/index.html]
[metodohomeofficelucrativo.com/wp-content/cache/wpo-minify/1648825886/assets/wpo-minify-footer-80310e5f.min.css]
